// Jest Snapshot v1, https://goo.gl/fbAQLP

exports[`Recents Screen renders correctly 1`] = `
<View
  style={
    {
      "alignItems": "center",
      "backgroundColor": "#191919",
      "flex": 1,
      "justifyContent": "center",
      "width": 750,
    }
  }
>
  <ActivityIndicator
    color="#FFFFFF"
    size="large"
  />
</View>
`;
